JKHWYPLKVWSHWKZPKYPYSXBPQXKIVLXTVRXEEXJYZMXUHRHIPIHBPFRTZYSXIJKHWYZPI,YSXJPIMXKRZPIPEZIEPKBVYZPIEKPBVKXVQVCUXRYVYXYPVWWVKXIYIPIRXIRX.YSXPKZLZIVYPKPEVIXIJKHWYXQBXRRVLXRSVKXQYSXQXJPQZILYXJSIZDFXIXXQXQYPKXJPMXKYSXPKZLZIVUZIEPKBVYZPIPIUHTZYSZIYXIQXQKXJZWZXIYR,YSXKXCHWKXJUFQZILFITVIYXQWXKRPIREKPBQPZILYSXRVBX.RZIJXTPKUQTVKZVIQYSXVQMXIYPEYSXJPBWFYXK,YSXBXYSPQRFRXQYPJVKKHPFYJKHWYPUPLHSVMXCXJPBXZIJKXVRZILUHJPBWUXAVIQZYRVWWUZJVYZPIBPKXTZQXRWKXVQ.
BPQXKIJKHWYPLKVWSHZRSXVMZUHCVRXQPIBVYSXBVYZJVUYSXPKHVIQJPBWFYXKRJZXIJXWKVJYZJX;JKHWYPLKVWSZJVULPKZYSBRVKXQXRZLIXQVKPFIQJPBWFYVYZPIVUSVKQIXRRVRRFBWYZPIR,BVNZILRFJSVULPKZYSBRSVKQYPCKXVNZIWKVJYZJXCHVIHVQMXKRVKH.ZYZRYSXPKXYZJVUUHWPRRZCUXYPCKXVNRFJSVRHRYXB,CFYZYZRZIEXVRZCUXYPQPRPCHVIHNIPTIWKVJYZJVUBXVIR.YSXRXRJSXBXRVKXYSXKXEPKXYXKBXQJPBWFYVYZPIVUUHRXJFKX;YSXPKXYZJVUVQMVIJXR,X.L.,ZBWKPMXBXIYRZIZIYXLXKEVJYPKZOVYZPIVULPKZYSBR,VIQEVRYXKJPBWFYZILYXJSIPUPLHKXDFZKXYSXRXRPUFYZPIRYPCXJPIYZIFVUUHVQVWYXQ.YSXKXXAZRYZIEPKBVYZPI-YSXPKXYZJVUUHRXJFKXRJSXBXRYSVYWKPMVCUHJVIIPYCXCKPNXIXMXITZYSFIUZBZYXQJPBWFYZILWPTXK—VIXAVBWUXZRYSXPIX-YZBXWVQ—CFYYSXRXRJSXBXRVKXBPKXQZEEZJFUYYPZBWUXBXIYYSVIYSXCXRYYSXPKXYZJVUUHCKXVNVCUXCFYJPBWFYVYZPIVUUHRXJFKXBXJSVIZRBR.
R0B3K$IQ0BJS4KVJYXKR