CUBSWQHURSIBSUJQUWQWIENQDEUPRHEFRVEGGECWJYEMBVBPQPBNQXVFJWIEPCUBSWJQP,WIECQPYEUVJQPQGJPGQUNRWJQPGUQNRUERDRZMEVWRWEWQRSSRUEPWPQPVEPVE.WIEQUJHJPRWQUQGRPEPCUBSWEDNEVVRHEVIRUEDWIEDECQDJPHWECIPJTXEPEEDEDWQUECQYEUWIEQUJHJPRMJPGQUNRWJQPQPMBFJWIJPWEPDEDUECJSJEPWV,WIEUEZBSUECMXDJPHXPFRPWEDSEUVQPVGUQNDQJPHWIEVRNE.VJPCEFQUMDFRUJRPDWIERDYEPWQGWIECQNSXWEU,WIENEWIQDVXVEDWQCRUUBQXWCUBSWQMQHBIRYEZECQNEJPCUERVJPHMBCQNSMEORPDJWVRSSMJCRWJQPNQUEFJDEVSUERD.
NQDEUPCUBSWQHURSIBJVIERYJMBZRVEDQPNRWIENRWJCRMWIEQUBRPDCQNSXWEUVCJEPCESURCWJCE;CUBSWQHURSIJCRMHQUJWINVRUEDEVJHPEDRUQXPDCQNSXWRWJQPRMIRUDPEVVRVVXNSWJQPV,NRLJPHVXCIRMHQUJWINVIRUDWQZUERLJPSURCWJCEZBRPBRDYEUVRUB.JWJVWIEQUEWJCRMMBSQVVJZMEWQZUERLVXCIRVBVWEN,ZXWJWJVJPGERVJZMEWQDQVQZBRPBLPQFPSURCWJCRMNERPV.WIEVEVCIENEVRUEWIEUEGQUEWEUNEDCQNSXWRWJQPRMMBVECXUE;WIEQUEWJCRMRDYRPCEV,E.H.,JNSUQYENEPWVJPJPWEHEUGRCWQUJARWJQPRMHQUJWINV,RPDGRVWEUCQNSXWJPHWECIPQMQHBUETXJUEWIEVEVQMXWJQPVWQZECQPWJPXRMMBRDRSWED.WIEUEEOJVWJPGQUNRWJQP-WIEQUEWJCRMMBVECXUEVCIENEVWIRWSUQYRZMBCRPPQWZEZUQLEPEYEPFJWIXPMJNJWEDCQNSXWJPHSQFEU—RPEORNSMEJVWIEQPE-WJNESRD—ZXWWIEVEVCIENEVRUENQUEDJGGJCXMWWQJNSMENEPWWIRPWIEZEVWWIEQUEWJCRMMBZUERLRZMEZXWCQNSXWRWJQPRMMBVECXUENECIRPJVNV.
V0N3U$PD0NCI4URCWEUV